// Jest Snapshot v1, https://goo.gl/fbAQLP

exports[`renders correctly 1`] = `
<View
  breakpoints={Object {}}
  style={
    Array [
      Object {
        "backgroundColor": "gray",
      },
      Object {
        "flexDirection": "column",
        "justifyContent": "flex-start",
      },
    ]
  }
  theme={undefined}
  window={
    Object {
      "height": 1334,
      "width": 750,
    }
  }
/>
`;
