// Jest Snapshot v1, https://goo.gl/fbAQLP

exports[`The TracksList component should render 1`] = `
<RCTScrollView
  data={
    Array [
      Object {
        "duration": "0:43",
        "file": "//s3.amazonaws.com/ns.downloads/newspring/music/album-downloads/01_Able.mp3",
        "title": "Able",
      },
      Object {
        "duration": "0:46",
        "file": "//s3.amazonaws.com/ns.downloads/newspring/music/album-downloads/02_See_Me_Through.mp3",
        "title": "See Me Through",
      },
      Object {
        "duration": "0:52",
        "file": "//s3.amazonaws.com/ns.downloads/newspring/music/album-downloads/03_Worthy.mp3",
        "title": "Worthy",
      },
      Object {
        "duration": "0:45",
        "file": "//s3.amazonaws.com/ns.downloads/newspring/music/album-downloads/04_Now_And_Forever.mp3",
        "title": "Now and Forever",
      },
      Object {
        "duration": "0:40",
        "file": "//s3.amazonaws.com/ns.downloads/newspring/music/album-downloads/05_King_Of_Kings.mp3",
        "title": "King of Kings",
      },
      Object {
        "duration": "0:51",
        "file": "//s3.amazonaws.com/ns.downloads/newspring/music/album-downloads/06_God_Of_Heaven.mp3",
        "title": "God of Heaven",
      },
      Object {
        "duration": "0:42",
        "file": "//s3.amazonaws.com/ns.downloads/newspring/music/album-downloads/07_Every_Line.mp3",
        "title": "Every Line",
      },
      Object {
        "duration": "0:45",
        "file": "//s3.amazonaws.com/ns.downloads/newspring/music/album-downloads/08_Our_Great_God.mp3",
        "title": "Our Great God",
      },
      Object {
        "duration": "0:39",
        "file": "//s3.amazonaws.com/ns.downloads/newspring/music/album-downloads/09_For_Your_Glory_And_For_Me.mp3",
        "title": "For Your Glory and For Me",
      },
      Object {
        "duration": "0:43",
        "file": "//s3.amazonaws.com/ns.downloads/newspring/music/album-downloads/10_Tis_So_Sweet.mp3",
        "title": "'Tis So Sweet",
      },
    ]
  }
  disableVirtualization={false}
  getItem={[Function]}
  getItemCount={[Function]}
  horizontal={false}
  initialNumToRender={10}
  keyExtractor={[Function]}
  maxToRenderPerBatch={10}
  numColumns={1}
  onContentSizeChange={[Function]}
  onEndReached={undefined}
  onEndReachedThreshold={0.7}
  onLayout={[Function]}
  onMomentumScrollEnd={[Function]}
  onRefresh={undefined}
  onScroll={[Function]}
  onScrollBeginDrag={[Function]}
  onScrollEndDrag={[Function]}
  refreshing={true}
  renderItem={[Function]}
  scrollEventThrottle={50}
  stickyHeaderIndices={Array []}
  updateCellsBatchingPeriod={50}
  viewabilityConfigCallbackPairs={Array []}
  windowSize={21}
>
  <View>
    <View
      onLayout={[Function]}
      style={null}
    >
      <View
        accessibilityComponentType={undefined}
        accessibilityLabel={undefined}
        accessibilityTraits={undefined}
        accessible={true}
        collapsable={undefined}
        hasTVPreferredFocus={undefined}
        hitSlop={undefined}
        isTVSelectable={true}
        nativeID={undefined}
        onLayout={undefined}
        onResponderGrant={[Function]}
        onResponderMove={[Function]}
        onResponderRelease={[Function]}
        onResponderTerminate={[Function]}
        onResponderTerminationRequest={[Function]}
        onStartShouldSetResponder={[Function]}
        style={
          Object {
            "opacity": 1,
          }
        }
        testID={undefined}
        tvParallaxProperties={undefined}
      >
        <View
          style={
            Object {
              "alignItems": "center",
              "flexDirection": "row",
              "justifyContent": "space-between",
              "paddingHorizontal": 20,
              "paddingVertical": 10,
            }
          }
        >
          <Text
            accessible={true}
            allowFontScaling={true}
            ellipsizeMode="tail"
            style={
              Object {
                "color": "#303030",
                "fontFamily": "DroidSerif-Regular",
                "fontSize": 20.02,
                "lineHeight": 33.11,
                "paddingBottom": 2.25,
                "paddingTop": 1.8,
              }
            }
          >
            Able
          </Text>
        </View>
      </View>
    </View>
    <View
      onLayout={[Function]}
      style={null}
    >
      <View
        accessibilityComponentType={undefined}
        accessibilityLabel={undefined}
        accessibilityTraits={undefined}
        accessible={true}
        collapsable={undefined}
        hasTVPreferredFocus={undefined}
        hitSlop={undefined}
        isTVSelectable={true}
        nativeID={undefined}
        onLayout={undefined}
        onResponderGrant={[Function]}
        onResponderMove={[Function]}
        onResponderRelease={[Function]}
        onResponderTerminate={[Function]}
        onResponderTerminationRequest={[Function]}
        onStartShouldSetResponder={[Function]}
        style={
          Object {
            "opacity": 1,
          }
        }
        testID={undefined}
        tvParallaxProperties={undefined}
      >
        <View
          style={
            Object {
              "alignItems": "center",
              "flexDirection": "row",
              "justifyContent": "space-between",
              "paddingHorizontal": 20,
              "paddingVertical": 10,
            }
          }
        >
          <Text
            accessible={true}
            allowFontScaling={true}
            ellipsizeMode="tail"
            style={
              Object {
                "color": "#303030",
                "fontFamily": "DroidSerif-Regular",
                "fontSize": 20.02,
                "lineHeight": 33.11,
                "paddingBottom": 2.25,
                "paddingTop": 1.8,
              }
            }
          >
            See Me Through
          </Text>
        </View>
      </View>
    </View>
    <View
      onLayout={[Function]}
      style={null}
    >
      <View
        accessibilityComponentType={undefined}
        accessibilityLabel={undefined}
        accessibilityTraits={undefined}
        accessible={true}
        collapsable={undefined}
        hasTVPreferredFocus={undefined}
        hitSlop={undefined}
        isTVSelectable={true}
        nativeID={undefined}
        onLayout={undefined}
        onResponderGrant={[Function]}
        onResponderMove={[Function]}
        onResponderRelease={[Function]}
        onResponderTerminate={[Function]}
        onResponderTerminationRequest={[Function]}
        onStartShouldSetResponder={[Function]}
        style={
          Object {
            "opacity": 1,
          }
        }
        testID={undefined}
        tvParallaxProperties={undefined}
      >
        <View
          style={
            Object {
              "alignItems": "center",
              "flexDirection": "row",
              "justifyContent": "space-between",
              "paddingHorizontal": 20,
              "paddingVertical": 10,
            }
          }
        >
          <Text
            accessible={true}
            allowFontScaling={true}
            ellipsizeMode="tail"
            style={
              Object {
                "color": "#303030",
                "fontFamily": "DroidSerif-Regular",
                "fontSize": 20.02,
                "lineHeight": 33.11,
                "paddingBottom": 2.25,
                "paddingTop": 1.8,
              }
            }
          >
            Worthy
          </Text>
        </View>
      </View>
    </View>
    <View
      onLayout={[Function]}
      style={null}
    >
      <View
        accessibilityComponentType={undefined}
        accessibilityLabel={undefined}
        accessibilityTraits={undefined}
        accessible={true}
        collapsable={undefined}
        hasTVPreferredFocus={undefined}
        hitSlop={undefined}
        isTVSelectable={true}
        nativeID={undefined}
        onLayout={undefined}
        onResponderGrant={[Function]}
        onResponderMove={[Function]}
        onResponderRelease={[Function]}
        onResponderTerminate={[Function]}
        onResponderTerminationRequest={[Function]}
        onStartShouldSetResponder={[Function]}
        style={
          Object {
            "opacity": 1,
          }
        }
        testID={undefined}
        tvParallaxProperties={undefined}
      >
        <View
          style={
            Object {
              "alignItems": "center",
              "flexDirection": "row",
              "justifyContent": "space-between",
              "paddingHorizontal": 20,
              "paddingVertical": 10,
            }
          }
        >
          <Text
            accessible={true}
            allowFontScaling={true}
            ellipsizeMode="tail"
            style={
              Object {
                "color": "#303030",
                "fontFamily": "DroidSerif-Regular",
                "fontSize": 20.02,
                "lineHeight": 33.11,
                "paddingBottom": 2.25,
                "paddingTop": 1.8,
              }
            }
          >
            Now and Forever
          </Text>
        </View>
      </View>
    </View>
    <View
      onLayout={[Function]}
      style={null}
    >
      <View
        accessibilityComponentType={undefined}
        accessibilityLabel={undefined}
        accessibilityTraits={undefined}
        accessible={true}
        collapsable={undefined}
        hasTVPreferredFocus={undefined}
        hitSlop={undefined}
        isTVSelectable={true}
        nativeID={undefined}
        onLayout={undefined}
        onResponderGrant={[Function]}
        onResponderMove={[Function]}
        onResponderRelease={[Function]}
        onResponderTerminate={[Function]}
        onResponderTerminationRequest={[Function]}
        onStartShouldSetResponder={[Function]}
        style={
          Object {
            "opacity": 1,
          }
        }
        testID={undefined}
        tvParallaxProperties={undefined}
      >
        <View
          style={
            Object {
              "alignItems": "center",
              "flexDirection": "row",
              "justifyContent": "space-between",
              "paddingHorizontal": 20,
              "paddingVertical": 10,
            }
          }
        >
          <Text
            accessible={true}
            allowFontScaling={true}
            ellipsizeMode="tail"
            style={
              Object {
                "color": "#303030",
                "fontFamily": "DroidSerif-Regular",
                "fontSize": 20.02,
                "lineHeight": 33.11,
                "paddingBottom": 2.25,
                "paddingTop": 1.8,
              }
            }
          >
            King of Kings
          </Text>
        </View>
      </View>
    </View>
    <View
      onLayout={[Function]}
      style={null}
    >
      <View
        accessibilityComponentType={undefined}
        accessibilityLabel={undefined}
        accessibilityTraits={undefined}
        accessible={true}
        collapsable={undefined}
        hasTVPreferredFocus={undefined}
        hitSlop={undefined}
        isTVSelectable={true}
        nativeID={undefined}
        onLayout={undefined}
        onResponderGrant={[Function]}
        onResponderMove={[Function]}
        onResponderRelease={[Function]}
        onResponderTerminate={[Function]}
        onResponderTerminationRequest={[Function]}
        onStartShouldSetResponder={[Function]}
        style={
          Object {
            "opacity": 1,
          }
        }
        testID={undefined}
        tvParallaxProperties={undefined}
      >
        <View
          style={
            Object {
              "alignItems": "center",
              "flexDirection": "row",
              "justifyContent": "space-between",
              "paddingHorizontal": 20,
              "paddingVertical": 10,
            }
          }
        >
          <Text
            accessible={true}
            allowFontScaling={true}
            ellipsizeMode="tail"
            style={
              Object {
                "color": "#303030",
                "fontFamily": "DroidSerif-Regular",
                "fontSize": 20.02,
                "lineHeight": 33.11,
                "paddingBottom": 2.25,
                "paddingTop": 1.8,
              }
            }
          >
            God of Heaven
          </Text>
        </View>
      </View>
    </View>
    <View
      onLayout={[Function]}
      style={null}
    >
      <View
        accessibilityComponentType={undefined}
        accessibilityLabel={undefined}
        accessibilityTraits={undefined}
        accessible={true}
        collapsable={undefined}
        hasTVPreferredFocus={undefined}
        hitSlop={undefined}
        isTVSelectable={true}
        nativeID={undefined}
        onLayout={undefined}
        onResponderGrant={[Function]}
        onResponderMove={[Function]}
        onResponderRelease={[Function]}
        onResponderTerminate={[Function]}
        onResponderTerminationRequest={[Function]}
        onStartShouldSetResponder={[Function]}
        style={
          Object {
            "opacity": 1,
          }
        }
        testID={undefined}
        tvParallaxProperties={undefined}
      >
        <View
          style={
            Object {
              "alignItems": "center",
              "flexDirection": "row",
              "justifyContent": "space-between",
              "paddingHorizontal": 20,
              "paddingVertical": 10,
            }
          }
        >
          <Text
            accessible={true}
            allowFontScaling={true}
            ellipsizeMode="tail"
            style={
              Object {
                "color": "#303030",
                "fontFamily": "DroidSerif-Regular",
                "fontSize": 20.02,
                "lineHeight": 33.11,
                "paddingBottom": 2.25,
                "paddingTop": 1.8,
              }
            }
          >
            Every Line
          </Text>
        </View>
      </View>
    </View>
    <View
      onLayout={[Function]}
      style={null}
    >
      <View
        accessibilityComponentType={undefined}
        accessibilityLabel={undefined}
        accessibilityTraits={undefined}
        accessible={true}
        collapsable={undefined}
        hasTVPreferredFocus={undefined}
        hitSlop={undefined}
        isTVSelectable={true}
        nativeID={undefined}
        onLayout={undefined}
        onResponderGrant={[Function]}
        onResponderMove={[Function]}
        onResponderRelease={[Function]}
        onResponderTerminate={[Function]}
        onResponderTerminationRequest={[Function]}
        onStartShouldSetResponder={[Function]}
        style={
          Object {
            "opacity": 1,
          }
        }
        testID={undefined}
        tvParallaxProperties={undefined}
      >
        <View
          style={
            Object {
              "alignItems": "center",
              "flexDirection": "row",
              "justifyContent": "space-between",
              "paddingHorizontal": 20,
              "paddingVertical": 10,
            }
          }
        >
          <Text
            accessible={true}
            allowFontScaling={true}
            ellipsizeMode="tail"
            style={
              Object {
                "color": "#303030",
                "fontFamily": "DroidSerif-Regular",
                "fontSize": 20.02,
                "lineHeight": 33.11,
                "paddingBottom": 2.25,
                "paddingTop": 1.8,
              }
            }
          >
            Our Great God
          </Text>
        </View>
      </View>
    </View>
    <View
      onLayout={[Function]}
      style={null}
    >
      <View
        accessibilityComponentType={undefined}
        accessibilityLabel={undefined}
        accessibilityTraits={undefined}
        accessible={true}
        collapsable={undefined}
        hasTVPreferredFocus={undefined}
        hitSlop={undefined}
        isTVSelectable={true}
        nativeID={undefined}
        onLayout={undefined}
        onResponderGrant={[Function]}
        onResponderMove={[Function]}
        onResponderRelease={[Function]}
        onResponderTerminate={[Function]}
        onResponderTerminationRequest={[Function]}
        onStartShouldSetResponder={[Function]}
        style={
          Object {
            "opacity": 1,
          }
        }
        testID={undefined}
        tvParallaxProperties={undefined}
      >
        <View
          style={
            Object {
              "alignItems": "center",
              "flexDirection": "row",
              "justifyContent": "space-between",
              "paddingHorizontal": 20,
              "paddingVertical": 10,
            }
          }
        >
          <Text
            accessible={true}
            allowFontScaling={true}
            ellipsizeMode="tail"
            style={
              Object {
                "color": "#303030",
                "fontFamily": "DroidSerif-Regular",
                "fontSize": 20.02,
                "lineHeight": 33.11,
                "paddingBottom": 2.25,
                "paddingTop": 1.8,
              }
            }
          >
            For Your Glory and For Me
          </Text>
        </View>
      </View>
    </View>
    <View
      onLayout={[Function]}
      style={null}
    >
      <View
        accessibilityComponentType={undefined}
        accessibilityLabel={undefined}
        accessibilityTraits={undefined}
        accessible={true}
        collapsable={undefined}
        hasTVPreferredFocus={undefined}
        hitSlop={undefined}
        isTVSelectable={true}
        nativeID={undefined}
        onLayout={undefined}
        onResponderGrant={[Function]}
        onResponderMove={[Function]}
        onResponderRelease={[Function]}
        onResponderTerminate={[Function]}
        onResponderTerminationRequest={[Function]}
        onStartShouldSetResponder={[Function]}
        style={
          Object {
            "opacity": 1,
          }
        }
        testID={undefined}
        tvParallaxProperties={undefined}
      >
        <View
          style={
            Object {
              "alignItems": "center",
              "flexDirection": "row",
              "justifyContent": "space-between",
              "paddingHorizontal": 20,
              "paddingVertical": 10,
            }
          }
        >
          <Text
            accessible={true}
            allowFontScaling={true}
            ellipsizeMode="tail"
            style={
              Object {
                "color": "#303030",
                "fontFamily": "DroidSerif-Regular",
                "fontSize": 20.02,
                "lineHeight": 33.11,
                "paddingBottom": 2.25,
                "paddingTop": 1.8,
              }
            }
          >
            'Tis So Sweet
          </Text>
        </View>
      </View>
    </View>
  </View>
</RCTScrollView>
`;
