// Jest Snapshot v1, https://goo.gl/fbAQLP

exports[`The mediaQuery enhancer passes in breakpoints to the test function 1`] = `<View />`;

exports[`The mediaQuery enhancer uses the first HOC when truthful 1`] = `<View />`;

exports[`The mediaQuery enhancer uses the second HOC when falsey 1`] = `<View />`;

exports[`The mediaQuery enhancer works with a complex media query 1`] = `<View />`;

exports[`The mediaQuery enhancer works with a simple media query 1`] = `<View />`;
