// Jest Snapshot v1, https://goo.gl/fbAQLP

exports[`The ContributionForm component renders correctly 1`] = `
<View
  style={
    Object {
      "alignItems": "center",
      "justifyContent": "center",
      "paddingHorizontal": 20,
      "paddingVertical": 20,
    }
  }
>
  <View
    bordered={false}
    disabled={false}
    pill={true}
    style={
      Object {
        "alignItems": "center",
        "backgroundColor": "#6bac43",
        "borderColor": "#6bac43",
        "borderRadius": 60,
        "borderWidth": 2,
        "elevation": 2,
        "flexDirection": "row",
        "height": 60,
        "justifyContent": "center",
        "maxWidth": 400,
        "opacity": 1,
        "overflow": "hidden",
        "paddingHorizontal": 20,
      }
    }
  >
    <Text
      accessible={true}
      allowFontScaling={true}
      ellipsizeMode="tail"
      style={
        Object {
          "color": "#ffffff",
          "fontFamily": "Colfax-Bold",
          "fontSize": 20.02,
          "lineHeight": 25.33,
          "paddingBottom": 3.15,
          "paddingTop": 4.5,
        }
      }
    >
      Sign in or create account
    </Text>
  </View>
</View>
`;

exports[`The ContributionForm component shows a second contribution 1`] = `
<View
  style={
    Object {
      "alignItems": "center",
      "justifyContent": "center",
      "paddingHorizontal": 20,
      "paddingVertical": 20,
    }
  }
>
  <View
    bordered={false}
    disabled={false}
    pill={true}
    style={
      Object {
        "alignItems": "center",
        "backgroundColor": "#6bac43",
        "borderColor": "#6bac43",
        "borderRadius": 60,
        "borderWidth": 2,
        "elevation": 2,
        "flexDirection": "row",
        "height": 60,
        "justifyContent": "center",
        "maxWidth": 400,
        "opacity": 1,
        "overflow": "hidden",
        "paddingHorizontal": 20,
      }
    }
  >
    <Text
      accessible={true}
      allowFontScaling={true}
      ellipsizeMode="tail"
      style={
        Object {
          "color": "#ffffff",
          "fontFamily": "Colfax-Bold",
          "fontSize": 20.02,
          "lineHeight": 25.33,
          "paddingBottom": 3.15,
          "paddingTop": 4.5,
        }
      }
    >
      Sign in or create account
    </Text>
  </View>
</View>
`;

exports[`The ContributionForm component shows an error with no funds 1`] = `
<View
  style={
    Object {
      "alignItems": "center",
      "justifyContent": "center",
      "paddingHorizontal": 20,
      "paddingVertical": 20,
    }
  }
>
  <View
    bordered={false}
    disabled={false}
    pill={true}
    style={
      Object {
        "alignItems": "center",
        "backgroundColor": "#6bac43",
        "borderColor": "#6bac43",
        "borderRadius": 60,
        "borderWidth": 2,
        "elevation": 2,
        "flexDirection": "row",
        "height": 60,
        "justifyContent": "center",
        "maxWidth": 400,
        "opacity": 1,
        "overflow": "hidden",
        "paddingHorizontal": 20,
      }
    }
  >
    <Text
      accessible={true}
      allowFontScaling={true}
      ellipsizeMode="tail"
      style={
        Object {
          "color": "#ffffff",
          "fontFamily": "Colfax-Bold",
          "fontSize": 20.02,
          "lineHeight": 25.33,
          "paddingBottom": 3.15,
          "paddingTop": 4.5,
        }
      }
    >
      Sign in or create account
    </Text>
  </View>
</View>
`;

exports[`The ContributionForm component shows the offline message 1`] = `
<View>
  <Text
    accessible={true}
    allowFontScaling={true}
    ellipsizeMode="tail"
    style={
      Object {
        "color": "#303030",
        "fontFamily": "Colfax-Bold",
        "fontSize": 32.4,
        "lineHeight": 41.04,
        "paddingBottom": 2.7,
        "paddingTop": 5.4,
      }
    }
  >
    offline message title
  </Text>
  <Text
    accessible={true}
    allowFontScaling={true}
    bold={false}
    ellipsizeMode="tail"
    italic={false}
    style={
      Object {
        "color": "#303030",
        "fontFamily": "DroidSerif-Regular",
        "fontSize": 20.02,
        "lineHeight": 33.11,
        "paddingBottom": 2.25,
        "paddingTop": 1.8,
      }
    }
  >
    offline message body
  </Text>
  <Text
    accessible={true}
    allowFontScaling={true}
    bold={false}
    ellipsizeMode="tail"
    italic={false}
    style={
      Object {
        "color": "#303030",
        "fontFamily": "DroidSerif-Regular",
        "fontSize": 20.02,
        "lineHeight": 33.11,
        "paddingBottom": 2.25,
        "paddingTop": 1.8,
      }
    }
  >
    We appreciate your patience. If you have any questions please contact us at offline@contact.email
  </Text>
</View>
`;

exports[`The ContributionForm component shows the recurring options 1`] = `
<View
  style={
    Object {
      "alignItems": "center",
      "justifyContent": "center",
      "paddingHorizontal": 20,
      "paddingVertical": 20,
    }
  }
>
  <View
    bordered={false}
    disabled={false}
    pill={true}
    style={
      Object {
        "alignItems": "center",
        "backgroundColor": "#6bac43",
        "borderColor": "#6bac43",
        "borderRadius": 60,
        "borderWidth": 2,
        "elevation": 2,
        "flexDirection": "row",
        "height": 60,
        "justifyContent": "center",
        "maxWidth": 400,
        "opacity": 1,
        "overflow": "hidden",
        "paddingHorizontal": 20,
      }
    }
  >
    <Text
      accessible={true}
      allowFontScaling={true}
      ellipsizeMode="tail"
      style={
        Object {
          "color": "#ffffff",
          "fontFamily": "Colfax-Bold",
          "fontSize": 20.02,
          "lineHeight": 25.33,
          "paddingBottom": 3.15,
          "paddingTop": 4.5,
        }
      }
    >
      Sign in or create account
    </Text>
  </View>
</View>
`;

exports[`The ContributionForm component shows the second fund 1`] = `
<View
  style={
    Object {
      "alignItems": "center",
      "justifyContent": "center",
      "paddingHorizontal": 20,
      "paddingVertical": 20,
    }
  }
>
  <View
    bordered={false}
    disabled={false}
    pill={true}
    style={
      Object {
        "alignItems": "center",
        "backgroundColor": "#6bac43",
        "borderColor": "#6bac43",
        "borderRadius": 60,
        "borderWidth": 2,
        "elevation": 2,
        "flexDirection": "row",
        "height": 60,
        "justifyContent": "center",
        "maxWidth": 400,
        "opacity": 1,
        "overflow": "hidden",
        "paddingHorizontal": 20,
      }
    }
  >
    <Text
      accessible={true}
      allowFontScaling={true}
      ellipsizeMode="tail"
      style={
        Object {
          "color": "#ffffff",
          "fontFamily": "Colfax-Bold",
          "fontSize": 20.02,
          "lineHeight": 25.33,
          "paddingBottom": 3.15,
          "paddingTop": 4.5,
        }
      }
    >
      Sign in or create account
    </Text>
  </View>
</View>
`;
