// Jest Snapshot v1, https://goo.gl/fbAQLP

exports[`renders correctly 1`] = `
<View
  onLayout={[Function]}
  style={
    Array [
      Object {
        "backgroundColor": undefined,
        "flexDirection": "column",
        "justifyContent": "flex-start",
        "paddingTop": 10,
        "width": 80,
      },
      Object {
        "paddingBottom": 0,
        "paddingLeft": 0,
        "paddingRight": 0,
        "paddingTop": 20,
      },
    ]
  }
/>
`;
