// Jest Snapshot v1, https://goo.gl/fbAQLP

exports[`The FeedView component renders correctly 1`] = `
<RCTScrollView
  data={
    Array [
      Object {
        "category": "bob",
        "entryId": "1",
        "title": "hi",
      },
      Object {
        "category": "bob 2",
        "entryId": "2",
        "title": "hi 2",
      },
    ]
  }
  disableVirtualization={false}
  getItem={[Function]}
  getItemCount={[Function]}
  horizontal={false}
  initialNumToRender={10}
  keyExtractor={[Function]}
  maxToRenderPerBatch={10}
  numColumns={1}
  onContentSizeChange={[Function]}
  onEndReached={undefined}
  onEndReachedThreshold={0.7}
  onLayout={[Function]}
  onMomentumScrollEnd={[Function]}
  onRefresh={undefined}
  onScroll={[Function]}
  onScrollBeginDrag={[Function]}
  onScrollEndDrag={[Function]}
  onViewableItemsChanged={undefined}
  refreshing={false}
  renderEmptyState={[Function]}
  renderItem={[Function]}
  scrollEventThrottle={50}
  stickyHeaderIndices={Array []}
  updateCellsBatchingPeriod={50}
  windowSize={21}
>
  <View>
    <View
      onLayout={[Function]}
      style={null}
    >
      <View
        style={
          Object {
            "backgroundColor": "rgba(0,0,0,0.1)",
            "height": 250,
            "margin": 10,
          }
        }
      >
        <Text
          accessible={true}
          allowFontScaling={true}
          disabled={false}
          ellipsizeMode="tail"
        >
          hi
        </Text>
        <Text
          accessible={true}
          allowFontScaling={true}
          disabled={false}
          ellipsizeMode="tail"
        >
          bob
        </Text>
      </View>
    </View>
    <View
      onLayout={[Function]}
      style={null}
    >
      <View
        style={
          Object {
            "backgroundColor": "rgba(0,0,0,0.1)",
            "height": 250,
            "margin": 10,
          }
        }
      >
        <Text
          accessible={true}
          allowFontScaling={true}
          disabled={false}
          ellipsizeMode="tail"
        >
          hi 2
        </Text>
        <Text
          accessible={true}
          allowFontScaling={true}
          disabled={false}
          ellipsizeMode="tail"
        >
          bob 2
        </Text>
      </View>
    </View>
  </View>
</RCTScrollView>
`;

exports[`The FeedView component renders empty state 1`] = `
Array [
  <View
    style={
        Object {
            "backgroundColor": "rgba(0,0,0,0.1)",
            "height": 250,
            "margin": 10,
          }
    }
>
    <Text
        accessible={true}
        allowFontScaling={true}
        disabled={false}
        ellipsizeMode="tail"
    >
        ...
    </Text>
</View>,
  <View
    style={
        Object {
            "backgroundColor": "rgba(0,0,0,0.1)",
            "height": 250,
            "margin": 10,
          }
    }
>
    <Text
        accessible={true}
        allowFontScaling={true}
        disabled={false}
        ellipsizeMode="tail"
    >
        ...
    </Text>
</View>,
  <View
    style={
        Object {
            "backgroundColor": "rgba(0,0,0,0.1)",
            "height": 250,
            "margin": 10,
          }
    }
>
    <Text
        accessible={true}
        allowFontScaling={true}
        disabled={false}
        ellipsizeMode="tail"
    >
        ...
    </Text>
</View>,
]
`;
