// Jest Snapshot v1, https://goo.gl/fbAQLP

exports[`The AlbumView component should render 1`] = `
<View
  style={
    Object {
      "backgroundColor": "#303030",
    }
  }
>
  <View
    style={
      Object {
        "aspectRatio": 1,
        "backgroundColor": "#858585",
        "width": "100%",
      }
    }
  />
  <View
    style={
      Object {
        "alignItems": "stretch",
        "flexDirection": "row",
        "paddingHorizontal": 20,
        "paddingVertical": 20,
      }
    }
  >
    <View
      style={
        Object {
          "aspectRatio": 1,
          "backgroundColor": "#858585",
          "width": "100%",
        }
      }
    />
    <View
      style={
        Object {
          "justifyContent": "space-around",
          "paddingHorizontal": 20,
          "paddingVertical": 20,
          "width": "66%",
        }
      }
    >
      <Text
        accessible={true}
        allowFontScaling={true}
        ellipsizeMode="tail"
        style={
          Object {
            "backgroundColor": "transparent",
            "color": "#ffffff",
            "flexWrap": "wrap",
            "fontFamily": "Colfax-Bold",
            "fontSize": 20.02,
            "lineHeight": 25.33,
            "paddingBottom": 3.15,
            "paddingTop": 2.7,
          }
        }
      >
        Able
      </Text>
      <Text
        accessible={true}
        allowFontScaling={true}
        ellipsizeMode="tail"
        style={
          Object {
            "backgroundColor": "transparent",
            "color": "#ffffff",
            "flexWrap": "wrap",
            "fontFamily": "Colfax-Regular",
            "fontSize": 14,
            "lineHeight": 15.78,
            "paddingBottom": 2.25,
            "paddingTop": 1.35,
          }
        }
      >
        NewSpring
      </Text>
    </View>
  </View>
</View>
`;
